// Jest Snapshot v1, https://goo.gl/fbAQLP

exports[`AdminProfile tests render should render correctly 1`] = `
<div
  className="view-all-container page-container"
>
  <Link
    className="button small tertiary"
    replace={false}
    to="/admins"
  >
    <i
      className="material-icons"
    >
      keyboard_backspace
    </i>
     Back to all admins
  </Link>
  <div>
    <h1>
      Moose
       
      Man
    </h1>
    <withRouter(EditableProfile)
      categories={
        Object {
          "admin": Object {
            "id": "admin",
            "title": "Admin Info",
          },
        }
      }
      editProfile={[Function]}
      fields={
        Array [
          Object {
            "category": "admin",
            "id": "firstName",
            "label": "First name",
            "type": "text",
          },
          Object {
            "category": "admin",
            "id": "lastName",
            "label": "Last name",
            "type": "text",
          },
          Object {
            "category": "admin",
            "id": "email",
            "label": "Email",
            "type": "email",
          },
          Object {
            "category": "admin",
            "id": "seniorCenterId",
            "label": "Senior  Center ID",
            "type": "text",
          },
          Object {
            "category": "admin",
            "id": "accessLevel",
            "label": "Access Level",
            "options": Array [
              "Super",
              "Admin",
              "Volunteer",
            ],
            "type": "radio",
          },
        ]
      }
      getProfile={[Function]}
      profile={
        Object {
          "_id": "123",
          "email": "mooseman@nowhere.com",
          "firstName": "Moose",
          "lastName": "Man",
          "superAdmin": true,
        }
      }
    />
  </div>
</div>
`;
