// Jest Snapshot v1, https://goo.gl/fbAQLP

exports[`AdminProfile tests mapDispatchToProps should map dispatch to props 1`] = `
Object {
  "adminActions": Object {
    "create": [Function],
    "delete": [Function],
    "edit": [Function],
    "filter": [Function],
    "get": [Function],
  },
  "authActions": Object {
    "loginAdmin": [Function],
    "logoutAdmin": [Function],
    "refreshToken": [Function],
    "setCurrentAdmin": [Function],
  },
}
`;

exports[`AdminProfile tests mapStateToProps should map state to props 1`] = `
Object {
  "admin": Object {
    "_id": "123",
    "email": "mooseman@nowhere.com",
    "firstName": "Moose",
    "lastName": "Man",
    "superAdmin": true,
  },
  "auth": Object {
    "admin": Object {
      "superAdmin": true,
    },
    "errors": Object {},
  },
  "errors": Object {},
  "loading": false,
}
`;

exports[`AdminProfile tests render should render correctly 1`] = `
<div
  className="page-container"
>
  <Link
    className="button small tertiary icon"
    replace={false}
    to="/admins"
  >
    <i
      className="material-icons button-icon"
    >
      keyboard_backspace
    </i>
     Back to all admins
  </Link>
  <div
    className="page-header"
  >
    <h1>
      Moose Man
    </h1>
    <div
      className="button-list"
    >
      <OnClickOutside(Dropdown)
        align="right"
        eventTypes={
          Array [
            "mousedown",
            "touchstart",
          ]
        }
        excludeScrollbar={false}
        icon="more_vert"
        kind="tertiary"
        outsideClickIgnoreClass="ignore-react-onclickoutside"
        preventDefault={false}
        stopPropagation={false}
      >
        <ConfirmButton
          className="dropdown-content-row medium"
          message="Are you sure you want to delete the admin 'Moose Man'?"
          onConfirm={[Function]}
          title="Confirm Delete"
        >
          Delete Admin
        </ConfirmButton>
      </OnClickOutside(Dropdown)>
    </div>
  </div>
  <DynamicForm
    editValues={[Function]}
    editable={true}
    errorDescription=""
    errors={Object {}}
    inputs={
      Array [
        Object {
          "id": "personalInfo",
          "inputs": Array [
            Object {
              "id": "name",
              "inputs": Array [
                Object {
                  "id": "firstName",
                  "kind": "field",
                  "label": "First name",
                  "style": Object {
                    "flex": 3,
                  },
                  "type": "text",
                },
                Object {
                  "id": "middleInitial",
                  "kind": "field",
                  "label": "M.I.",
                  "style": Object {
                    "flex": 1,
                  },
                },
                Object {
                  "id": "lastName",
                  "kind": "field",
                  "label": "Last name",
                  "style": Object {
                    "flex": 3,
                  },
                  "type": "text",
                },
                Object {
                  "id": "nickName",
                  "kind": "field",
                  "label": "Nickname",
                  "style": Object {
                    "flex": 2,
                  },
                },
              ],
              "kind": "flex",
            },
            Object {
              "id": "email",
              "kind": "field",
              "label": "Email",
              "type": "email",
            },
            Object {
              "editable": false,
              "id": "password",
              "kind": "field",
              "label": "Password",
              "type": "password",
            },
            Object {
              "editable": false,
              "id": "password2",
              "kind": "field",
              "label": "Confirm Password",
              "type": "password",
            },
          ],
          "kind": "group",
          "label": "Personal Info",
        },
      ]
    }
    loading={false}
    values={
      Object {
        "_id": "123",
        "email": "mooseman@nowhere.com",
        "firstName": "Moose",
        "lastName": "Man",
        "superAdmin": true,
      }
    }
  />
</div>
`;
