// Jest Snapshot v1, https://goo.gl/fbAQLP

exports[`RegisterAdmin tests render should render correctly 1`] = `
<div
  className="register-container page-container"
>
  <Link
    className="button small tertiary icon"
    replace={false}
    to="/dashboard"
  >
    <i
      className="material-icons button-icon"
    >
      keyboard_backspace
    </i>
     Back to home
  </Link>
  <div
    className="panel"
  >
    <h1
      className="panel-title"
    >
      Register Member
    </h1>
    <DynamicForm
      errorDescription=""
      errors={Object {}}
      inputs={
        Array [
          Object {
            "id": "personalInfo",
            "inputs": Array [
              Object {
                "id": "name",
                "inputs": Array [
                  Object {
                    "id": "firstName",
                    "kind": "field",
                    "label": "First name",
                    "style": Object {
                      "flex": 3,
                    },
                    "type": "text",
                  },
                  Object {
                    "id": "middleInitial",
                    "kind": "field",
                    "label": "M.I.",
                    "style": Object {
                      "flex": 1,
                    },
                  },
                  Object {
                    "id": "lastName",
                    "kind": "field",
                    "label": "Last name",
                    "style": Object {
                      "flex": 3,
                    },
                    "type": "text",
                  },
                  Object {
                    "id": "nickName",
                    "kind": "field",
                    "label": "Nickname",
                    "style": Object {
                      "flex": 2,
                    },
                  },
                ],
                "kind": "flex",
              },
              Object {
                "id": "email",
                "kind": "field",
                "label": "Email",
                "type": "email",
              },
              Object {
                "editable": false,
                "id": "password",
                "kind": "field",
                "label": "Password",
                "type": "password",
              },
              Object {
                "editable": false,
                "id": "password2",
                "kind": "field",
                "label": "Confirm Password",
                "type": "password",
              },
            ],
            "kind": "group",
            "label": "Personal Info",
          },
        ]
      }
      onChange={[Function]}
      onSubmit={[Function]}
      submitButtonLabel="Register Admin"
      values={
        Object {
          "email": "sam@test.com",
          "error": Object {
            "email": "Invalid email",
          },
          "firstName": "Sam",
          "lastName": "Smith",
          "password": "abc123",
          "password2": "abc123",
        }
      }
    />
  </div>
</div>
`;
