// Jest Snapshot v1, https://goo.gl/fbAQLP

exports[`Navbar tests render should render correctly 1`] = `
<div
  className="footer"
>
  <ul>
    <li>
      <Link
        className="link tertiary footer-link"
        replace={false}
        to="/"
      >
        Home
      </Link>
    </li>
    <li>
      <a
        className="link tertiary footer-link"
        href="https://github.com/dog-house-development/poodl/"
        rel="noopener noreferrer"
        target="_blank"
      >
        GitHub
      </a>
    </li>
    <li>
      <a
        className="link tertiary footer-link"
        href="https://github.com/dog-house-development/poodl/wiki/User-Documentation"
        rel="noopener noreferrer"
        target="_blank"
      >
        User Documentation
      </a>
    </li>
  </ul>
</div>
`;
