// Jest Snapshot v1, https://goo.gl/fbAQLP

exports[`Navbar tests render should render links for logged in admins 1`] = `
<div
  className="header"
>
  <ul>
    <li
      className=""
    >
      <Link
        replace={false}
        to="/dashboard"
      >
        Poodl
      </Link>
    </li>
    <li
      className="right"
      style={
        Object {
          "marginTop": "12px",
        }
      }
    >
      <OnClickOutside(Dropdown)
        align="right"
        buttonContent="Frank Limb"
        dropdownContent={
          Array [
            Object {
              "content": "Dashboard",
              "onClick": [Function],
            },
            Object {
              "content": "My profile",
              "onClick": [Function],
            },
            Object {
              "type": "divider",
            },
            Object {
              "content": "Log out",
              "onClick": [Function],
            },
          ]
        }
        eventTypes={
          Array [
            "mousedown",
            "touchstart",
          ]
        }
        excludeScrollbar={false}
        kind="secondary"
        outsideClickIgnoreClass="ignore-react-onclickoutside"
        preventDefault={false}
        size="small"
        stopPropagation={false}
      />
    </li>
    <li
      className="right"
    >
      <Link
        replace={false}
        to="/dashboard"
      >
        My Dashboard
      </Link>
    </li>
    <li
      className="right"
    >
      <Link
        replace={false}
        to="/activities"
      >
        Activities
      </Link>
    </li>
  </ul>
</div>
`;

exports[`Navbar tests render should render links for nobody logged in 1`] = `
<div
  className="header"
>
  <ul>
    <li
      className=""
    >
      <Link
        replace={false}
        to="/"
      >
        Poodl
      </Link>
    </li>
    <li
      className="right"
    >
      <Link
        replace={false}
        to="/login"
      >
        Log in
      </Link>
    </li>
  </ul>
</div>
`;
