// Jest Snapshot v1, https://goo.gl/fbAQLP

exports[`Navbar tests render should render correctly 1`] = `
ShallowWrapper {
  Symbol(enzyme.__root__): [Circular],
  Symbol(enzyme.__unrendered__): <Navbar
    auth={
      Object {
        "isAuthenticated": false,
        "loading": false,
      }
    }
    content="Press me"
    logoutAdmin={[Function]}
    onClick={[Function]}
  />,
  Symbol(enzyme.__renderer__): Object {
    "batchedUpdates": [Function],
    "checkPropTypes": [Function],
    "getNode": [Function],
    "render": [Function],
    "simulateError": [Function],
    "simulateEvent": [Function],
    "unmount": [Function],
  },
  Symbol(enzyme.__node__): Object {
    "instance": null,
    "key": undefined,
    "nodeType": "host",
    "props": Object {
      "children": <ul>
        <li
          className=""
        >
          <Link
            replace={false}
            to="/"
          >
            Poodl
          </Link>
        </li>
        <React.Fragment>
          <li
            className="right"
          >
            <Link
              replace={false}
              to="/register"
            >
              Sign up
            </Link>
          </li>
          <li
            className="right"
          >
            <Link
              replace={false}
              to="/login"
            >
              Log in
            </Link>
          </li>
        </React.Fragment>
      </ul>,
      "className": "header",
    },
    "ref": null,
    "rendered": Object {
      "instance": null,
      "key": undefined,
      "nodeType": "host",
      "props": Object {
        "children": Array [
          <li
            className=""
          >
            <Link
              replace={false}
              to="/"
            >
              Poodl
            </Link>
          </li>,
          <React.Fragment>
            <li
              className="right"
            >
              <Link
                replace={false}
                to="/register"
              >
                Sign up
              </Link>
            </li>
            <li
              className="right"
            >
              <Link
                replace={false}
                to="/login"
              >
                Log in
              </Link>
            </li>
          </React.Fragment>,
        ],
      },
      "ref": null,
      "rendered": Array [
        Object {
          "instance": null,
          "key": undefined,
          "nodeType": "host",
          "props": Object {
            "children": <Link
              replace={false}
              to="/"
            >
              Poodl
            </Link>,
            "className": "",
          },
          "ref": null,
          "rendered": Object {
            "instance": null,
            "key": undefined,
            "nodeType": "class",
            "props": Object {
              "children": "Poodl",
              "replace": false,
              "to": "/",
            },
            "ref": null,
            "rendered": "Poodl",
            "type": [Function],
          },
          "type": "li",
        },
        Object {
          "instance": null,
          "key": undefined,
          "nodeType": "function",
          "props": Object {
            "children": Array [
              <li
                className="right"
              >
                <Link
                  replace={false}
                  to="/register"
                >
                  Sign up
                </Link>
              </li>,
              <li
                className="right"
              >
                <Link
                  replace={false}
                  to="/login"
                >
                  Log in
                </Link>
              </li>,
            ],
          },
          "ref": null,
          "rendered": Array [
            Object {
              "instance": null,
              "key": undefined,
              "nodeType": "host",
              "props": Object {
                "children": <Link
                  replace={false}
                  to="/register"
                >
                  Sign up
                </Link>,
                "className": "right",
              },
              "ref": null,
              "rendered": Object {
                "instance": null,
                "key": undefined,
                "nodeType": "class",
                "props": Object {
                  "children": "Sign up",
                  "replace": false,
                  "to": "/register",
                },
                "ref": null,
                "rendered": "Sign up",
                "type": [Function],
              },
              "type": "li",
            },
            Object {
              "instance": null,
              "key": undefined,
              "nodeType": "host",
              "props": Object {
                "children": <Link
                  replace={false}
                  to="/login"
                >
                  Log in
                </Link>,
                "className": "right",
              },
              "ref": null,
              "rendered": Object {
                "instance": null,
                "key": undefined,
                "nodeType": "class",
                "props": Object {
                  "children": "Log in",
                  "replace": false,
                  "to": "/login",
                },
                "ref": null,
                "rendered": "Log in",
                "type": [Function],
              },
              "type": "li",
            },
          ],
          "type": Symbol(react.fragment),
        },
      ],
      "type": "ul",
    },
    "type": "div",
  },
  Symbol(enzyme.__nodes__): Array [
    Object {
      "instance": null,
      "key": undefined,
      "nodeType": "host",
      "props": Object {
        "children": <ul>
          <li
            className=""
          >
            <Link
              replace={false}
              to="/"
            >
              Poodl
            </Link>
          </li>
          <React.Fragment>
            <li
              className="right"
            >
              <Link
                replace={false}
                to="/register"
              >
                Sign up
              </Link>
            </li>
            <li
              className="right"
            >
              <Link
                replace={false}
                to="/login"
              >
                Log in
              </Link>
            </li>
          </React.Fragment>
        </ul>,
        "className": "header",
      },
      "ref": null,
      "rendered": Object {
        "instance": null,
        "key": undefined,
        "nodeType": "host",
        "props": Object {
          "children": Array [
            <li
              className=""
            >
              <Link
                replace={false}
                to="/"
              >
                Poodl
              </Link>
            </li>,
            <React.Fragment>
              <li
                className="right"
              >
                <Link
                  replace={false}
                  to="/register"
                >
                  Sign up
                </Link>
              </li>
              <li
                className="right"
              >
                <Link
                  replace={false}
                  to="/login"
                >
                  Log in
                </Link>
              </li>
            </React.Fragment>,
          ],
        },
        "ref": null,
        "rendered": Array [
          Object {
            "instance": null,
            "key": undefined,
            "nodeType": "host",
            "props": Object {
              "children": <Link
                replace={false}
                to="/"
              >
                Poodl
              </Link>,
              "className": "",
            },
            "ref": null,
            "rendered": Object {
              "instance": null,
              "key": undefined,
              "nodeType": "class",
              "props": Object {
                "children": "Poodl",
                "replace": false,
                "to": "/",
              },
              "ref": null,
              "rendered": "Poodl",
              "type": [Function],
            },
            "type": "li",
          },
          Object {
            "instance": null,
            "key": undefined,
            "nodeType": "function",
            "props": Object {
              "children": Array [
                <li
                  className="right"
                >
                  <Link
                    replace={false}
                    to="/register"
                  >
                    Sign up
                  </Link>
                </li>,
                <li
                  className="right"
                >
                  <Link
                    replace={false}
                    to="/login"
                  >
                    Log in
                  </Link>
                </li>,
              ],
            },
            "ref": null,
            "rendered": Array [
              Object {
                "instance": null,
                "key": undefined,
                "nodeType": "host",
                "props": Object {
                  "children": <Link
                    replace={false}
                    to="/register"
                  >
                    Sign up
                  </Link>,
                  "className": "right",
                },
                "ref": null,
                "rendered": Object {
                  "instance": null,
                  "key": undefined,
                  "nodeType": "class",
                  "props": Object {
                    "children": "Sign up",
                    "replace": false,
                    "to": "/register",
                  },
                  "ref": null,
                  "rendered": "Sign up",
                  "type": [Function],
                },
                "type": "li",
              },
              Object {
                "instance": null,
                "key": undefined,
                "nodeType": "host",
                "props": Object {
                  "children": <Link
                    replace={false}
                    to="/login"
                  >
                    Log in
                  </Link>,
                  "className": "right",
                },
                "ref": null,
                "rendered": Object {
                  "instance": null,
                  "key": undefined,
                  "nodeType": "class",
                  "props": Object {
                    "children": "Log in",
                    "replace": false,
                    "to": "/login",
                  },
                  "ref": null,
                  "rendered": "Log in",
                  "type": [Function],
                },
                "type": "li",
              },
            ],
            "type": Symbol(react.fragment),
          },
        ],
        "type": "ul",
      },
      "type": "div",
    },
  ],
  Symbol(enzyme.__options__): Object {
    "adapter": ReactSixteenAdapter {
      "options": Object {
        "enableComponentDidUpdateOnSetState": true,
        "legacyContextMode": "parent",
        "lifecycles": Object {
          "componentDidUpdate": Object {
            "onSetState": true,
          },
          "getChildContext": Object {
            "calledByRenderer": false,
          },
          "getDerivedStateFromProps": true,
          "getSnapshotBeforeUpdate": true,
          "setState": Object {
            "skipsComponentDidUpdateOnNullish": true,
          },
        },
      },
    },
  },
}
`;
