// Jest Snapshot v1, https://goo.gl/fbAQLP

exports[`Navbar tests render should render correctly 1`] = `
<Provider
  store={
    Object {
      "dispatch": [Function],
      "getState": [Function],
      "replaceReducer": [Function],
      "subscribe": [Function],
      Symbol(observable): [Function],
    }
  }
>
  <BrowserRouter>
    <div
      className="App wrapper"
    >
      <withRouter(Connect(Navbar)) />
      <Switch>
        <Route
          component={[Function]}
          exact={true}
          path="/"
        />
        <Route
          component={[Function]}
          exact={true}
          path="/login"
        />
        <Connect(PrivateRoute)
          component={[Function]}
          exact={true}
          path="/dashboard"
        />
        <Connect(PrivateRoute)
          component={[Function]}
          exact={true}
          path="/admins"
          restrictAccess="Volunteer"
        />
        <Connect(PrivateRoute)
          component={[Function]}
          exact={true}
          path="/admins/register"
          restrictAccess="Volunteer"
        />
        <Connect(PrivateRoute)
          component={[Function]}
          exact={true}
          path="/admins/:id"
          restrictAccess="Volunteer"
        />
        <Connect(PrivateRoute)
          component={[Function]}
          exact={true}
          path="/volunteers"
          restrictAccess="Volunteer"
        />
        <Connect(PrivateRoute)
          component={[Function]}
          exact={true}
          path="/volunteers/register"
          restrictAccess="Volunteer"
        />
        <Connect(PrivateRoute)
          component={[Function]}
          exact={true}
          path="/volunteers/:id"
          restrictAccess="Volunteer"
        />
        <Connect(PrivateRoute)
          component={[Function]}
          exact={true}
          path="/members"
        />
        <Connect(PrivateRoute)
          component={[Function]}
          exact={true}
          path="/members/register"
        />
        <Connect(PrivateRoute)
          component={[Function]}
          exact={true}
          path="/members/:id"
        />
        <Connect(PrivateRoute)
          component={[Function]}
          exact={true}
          path="/activities"
        />
        <Connect(PrivateRoute)
          component={[Function]}
          exact={true}
          path="/activities/add"
        />
        <Connect(PrivateRoute)
          component={[Function]}
          exact={true}
          path="/activities/:id"
        />
        <Connect(PrivateRoute)
          component={[Function]}
          exact={true}
          path="/services/:id"
        />
        <Connect(PrivateRoute)
          component={[Function]}
          exact={true}
          path="/member-check-in"
        />
        <Connect(PrivateRoute)
          component={[Function]}
          exact={true}
          path="/reports"
        />
        <Route
          component={[Function]}
        />
      </Switch>
      <Footer />
    </div>
  </BrowserRouter>
</Provider>
`;
