// Jest Snapshot v1, https://goo.gl/fbAQLP

exports[`Navbar tests render should render correctly 1`] = `
<Provider
  store={
    Object {
      "dispatch": [Function],
      "getState": [Function],
      "replaceReducer": [Function],
      "subscribe": [Function],
      Symbol(observable): [Function],
    }
  }
>
  <BrowserRouter>
    <div
      className="App wrapper"
    >
      <Connect(withRouter(Navbar)) />
      <Switch>
        <Route
          component={[Function]}
          exact={true}
          path="/"
        />
        <Route
          component={[Function]}
          exact={true}
          path="/login"
        />
        <Connect(PrivateRoute)
          component={[Function]}
          exact={true}
          path="/register"
        />
        <Connect(PrivateRoute)
          component={[Function]}
          exact={true}
          path="/dashboard"
        />
        <Connect(PrivateRoute)
          component={[Function]}
          exact={true}
          path="/admins"
        />
        <Connect(PrivateRoute)
          component={[Function]}
          exact={true}
          path="/volunteers"
        />
        <Connect(PrivateRoute)
          component={[Function]}
          exact={true}
          path="/members"
        />
        <Connect(PrivateRoute)
          component={[Function]}
          exact={true}
          path="/admin/:id"
        />
        <Connect(PrivateRoute)
          component={[Function]}
          exact={true}
          path="/volunteer/:id"
        />
        <Connect(PrivateRoute)
          component={[Function]}
          exact={true}
          path="/member/:id"
        />
        <Connect(PrivateRoute)
          component={[Function]}
          exact={true}
          path="/activities"
        />
        <Connect(PrivateRoute)
          component={[Function]}
          exact={true}
          path="/activities/add"
        />
        <Route
          component={[Function]}
        />
      </Switch>
      <Footer />
    </div>
  </BrowserRouter>
</Provider>
`;
