// Jest Snapshot v1, https://goo.gl/fbAQLP

exports[`Add activity tests render should render correctly 1`] = `
<div
  className="add-activity-container page-container"
>
  <Link
    className="button small tertiary icon"
    replace={false}
    to="/activities"
  >
    <i
      className="material-icons button-icon"
    >
      keyboard_backspace
    </i>
     Back to all activities
  </Link>
  <div
    className="add-activity-panel panel"
  >
    <h1
      className="panel-title"
    >
      Add Activity
    </h1>
    <DynamicForm
      data={
        Object {
          "name": undefined,
        }
      }
      errorDescription=""
      errors={Object {}}
      inputs={
        Array [
          Object {
            "id": "activity",
            "inputs": Array [
              Object {
                "id": "name",
                "kind": "combobox",
                "label": "Name",
                "placeholder": "Name",
              },
              Object {
                "id": "description",
                "kind": "field",
                "label": "Description",
                "placeholder": "Description",
              },
              Object {
                "id": "time",
                "inputs": Array [
                  Object {
                    "id": "startTime",
                    "kind": "timePicker",
                    "label": "Start Time",
                  },
                  Object {
                    "id": "endTime",
                    "kind": "timePicker",
                    "label": "End Time",
                    "style": Object {
                      "float": "right",
                    },
                  },
                ],
                "kind": "flex",
              },
              Object {
                "id": "date",
                "kind": "datePicker",
                "label": "Date",
              },
            ],
            "kind": "group",
          },
        ]
      }
      onChange={[Function]}
      onSubmit={[Function]}
      submitButtonLabel="Add Activity"
      values={
        Object {
          "date": "1111-11-11T11:11:11",
          "description": "test description",
          "endTime": "1111-11-11T12:11:11",
          "errors": Object {
            "description": "Description is required",
          },
          "name": "Test",
          "startTime": "1111-11-11T11:11:11",
        }
      }
    />
  </div>
</div>
`;
