// Jest Snapshot v1, https://goo.gl/fbAQLP

exports[`MemberProfile tests render should render correctly 1`] = `
<div
  className="view-all-container"
>
  <Link
    className="button small tertiary"
    replace={false}
    to="/members"
  >
    <i
      className="material-icons"
    >
      keyboard_backspace
    </i>
     Back to all members
  </Link>
  <div>
    <div>
      <h1>
         
      </h1>
      <div
        className="panel"
      >
        <h3
          className="profile-section-title"
        >
          Contact Info
        </h3>
        <Button
          content="Edit"
          dropdownButton={false}
          kind="primary"
          onClick={[Function]}
          size="small"
        />
        <EditableField
          defaultValue=""
          editMode={false}
          handleChange={[Function]}
          id="email"
          key="email"
          label="Email:"
        />
        <EditableField
          defaultValue=""
          editMode={false}
          handleChange={[Function]}
          id="phoneNumber"
          key="phoneNumber"
          label="Phone Number:"
        />
        <EditableField
          defaultValue=""
          editMode={false}
          handleChange={[Function]}
          id="address"
          key="address"
          label="Address:"
        />
        <EditableField
          defaultValue=""
          editMode={false}
          handleChange={[Function]}
          id="emergencyContact"
          key="emergencyContact"
          label="Emergency Contact:"
        />
      </div>
      <div
        className="panel"
      >
        <h3
          className="profile-section-title"
        >
          Personal Information 
        </h3>
        <Button
          content="Edit"
          dropdownButton={false}
          kind="primary"
          onClick={[Function]}
          size="small"
        />
        <EditableField
          defaultValue=""
          editMode={false}
          handleChange={[Function]}
          id="birthDate"
          key="birthDate"
          label="Birth Date:"
        />
        <EditableField
          defaultValue=""
          editMode={false}
          handleChange={[Function]}
          id="seniorCenter"
          key="seniorCenter"
          label="Senior Center:"
        />
        <EditableField
          defaultValue={
            Array [
              "",
              "",
            ]
          }
          editMode={false}
          handleChange={[Function]}
          id="specialDiet"
          key="specialDiet"
          label="Special Diet:"
        />
        <EditableField
          defaultValue=""
          editMode={false}
          handleChange={[Function]}
          id="ethnicity"
          key="ethnicity"
          label="Medical Issues:"
        />
        <EditableField
          defaultValue={
            Array [
              "",
              "",
            ]
          }
          editMode={false}
          handleChange={[Function]}
          id="disabilities"
          key="disabilities"
          label="Disabilities:"
        />
        <EditableField
          defaultValue=""
          editMode={false}
          handleChange={[Function]}
          id="mealPreference"
          key="mealPreference"
          label="Meal Preference:"
        />
      </div>
      <div
        className="panel"
      >
        <h3
          className="profile-section-title"
        >
          Membership Information
        </h3>
        <Button
          content="Edit"
          dropdownButton={false}
          kind="primary"
          onClick={[Function]}
          size="small"
        />
        <EditableBoolean
          editMode={false}
          handleChange={[Function]}
          id="memberisNewOrRenewal"
          key="memberisNewOrRenewal"
          label="Membership:"
          name="memberIsNewOrRenewal"
          optionValues={
            Array [
              "New",
              "Renewal",
            ]
          }
        />
        <EditableField
          editMode={false}
          handleChange={[Function]}
          id="membershipDate"
          key="membershipDate"
          label="Membership Date:"
        />
        <EditableField
          defaultValue=""
          editMode={false}
          handleChange={[Function]}
          id="renewalDate"
          key="renewalDate"
          label="Renewal Date:"
        />
        <EditableBoolean
          editMode={false}
          handleChange={[Function]}
          id="formOfPayment"
          key="formOfPayment"
          label="Payment Form:"
          name="formOfPayment"
          optionValues={
            Array [
              "Cash",
              "Check",
            ]
          }
        />
        <EditableField
          defaultValue=""
          editMode={false}
          handleChange={[Function]}
          id="bankCheckNumber"
          key="bankCheckNumber"
          label="Bank Check Number:"
        />
        <EditableBoolean
          editMode={false}
          handleChange={[Function]}
          id="includedInEstatePlans"
          key="includedInEstatePlans"
          label="Member Included Senior Center In Estate Plans:"
          name="includedInEstatePlans"
          optionValues={
            Array [
              "Yes",
              "No",
            ]
          }
        />
        <EditableBoolean
          editMode={false}
          handleChange={[Function]}
          id="wantsEstateInfo"
          key="wantsEstateInfo"
          label="Member Wants Info About Including Senior Center In Estate Plans:"
          name="wantsEstateInfo"
          optionValues={
            Array [
              "Yes",
              "No",
            ]
          }
        />
      </div>
      <div
        className="panel"
      >
        <h3
          className="profile-section-title"
        >
          Demographic Information
        </h3>
        <Button
          content="Edit"
          dropdownButton={false}
          kind="primary"
          onClick={[Function]}
          size="small"
        />
        <EditableField
          defaultValue=""
          editMode={false}
          handleChange={[Function]}
          id="race"
          key="race"
          label="Race:"
        />
        <EditableField
          defaultValue=""
          editMode={false}
          handleChange={[Function]}
          id="ethnicity"
          key="ethnicity"
          label="Ethnicity:"
        />
        <EditableField
          defaultValue={0}
          editMode={false}
          handleChange={[Function]}
          id="numberInHousehold"
          key="numberInHousehold"
          label="Number In Household:"
        />
        <EditableField
          editMode={false}
          handleChange={[Function]}
          id="monthlyIncome"
          key="monthlyIncome"
          label="Monthly Income:"
        />
        <EditableBoolean
          editMode={false}
          handleChange={[Function]}
          id="Disabled"
          key="Disabled"
          label="Disabled:"
          name="Disabled"
          optionValues={
            Array [
              "Yes",
              "No",
            ]
          }
        />
        <EditableBoolean
          editMode={false}
          handleChange={[Function]}
          id="Veteran"
          key="Veteran"
          label="Veteran:"
          name="Veteran"
          optionValues={
            Array [
              "Yes",
              "No",
            ]
          }
        />
        <EditableBoolean
          editMode={false}
          handleChange={[Function]}
          id="isSpouse60"
          key="isSpouse60"
          label="Spouse Over 60:"
          name="isSpouse60"
          optionValues={
            Array [
              "Yes",
              "No",
            ]
          }
        />
        <EditableBoolean
          editMode={false}
          handleChange={[Function]}
          id="wantsEstateInfo"
          key="wantsEstateInfo"
          label="Disabled & Living With Someone Over 60:"
          name="wantsEstateInfo"
          optionValues={
            Array [
              "Yes",
              "No",
            ]
          }
        />
        <EditableField
          editMode={false}
          handleChange={[Function]}
          id="caregiver"
          key="caregiver"
          label="Caregiver:"
        />
        <EditableField
          editMode={false}
          handleChange={[Function]}
          id="grandparent"
          key="grandparent"
          label="Grandparent:"
        />
        <EditableBoolean
          editMode={false}
          handleChange={[Function]}
          id="needsAADL"
          key="needsAADL"
          label="needsAADL:"
          name="needsAADL"
          optionValues={
            Array [
              "Yes",
              "No",
            ]
          }
        />
        <EditableBoolean
          editMode={false}
          handleChange={[Function]}
          id="needsIADL"
          key="needsIADL"
          label="needsIADL:"
          name="needsIADL"
          optionValues={
            Array [
              "Yes",
              "No",
            ]
          }
        />
      </div>
    </div>
  </div>
</div>
`;
