// Jest Snapshot v1, https://goo.gl/fbAQLP

exports[`ViewMemberss tests render should render correctly 1`] = `
<div
  className="view-all-container"
>
  <h1>
    View All Admins
  </h1>
  <DataGrid
    data={
      Array [
        Object {
          "key": "123",
          "firstName": "Big",
          "lastName": "Tup",
          "membershipDate: 02/20/2020",
          "email": "bigtup@nowhere.com"

        },
        Object {
          "key": "321",
          "firstName": "Lil",
          "lastName": "Tup",
          "membershipDate: 02/02/2002",
          "email": "liltup@nowhere.com",
        },
      ]
    }
    loading={false}
  />
</div>
`;
