// Jest Snapshot v1, https://goo.gl/fbAQLP

exports[`PageNotFound tests render should render correctly 1`] = `
<div
  className="page-not-found"
>
  <h1
    className=""
  >
    404
  </h1>
  <h2>
    Page not found
  </h2>
  <p
    className=""
  >
    If you believe this occured in error, please contact support at
     
    <a
      href="mailto:doghousedevelop@gmail.com"
      rel="noopener noreferrer"
      target="_blank"
    >
      doghousedevelop@gmail.com.
    </a>
  </p>
  <h3
    className=""
  >
    Thanks
  </h3>
  <Connect(GoHome)
    buttonOrLink="button"
    size="large"
  />
</div>
`;
