// Jest Snapshot v1, https://goo.gl/fbAQLP

exports[`DataGrid tests render should render data 1`] = `
<div
  className="panel datagrid"
>
  <table>
    <thead>
      <tr>
        <th
          key="name"
        >
          NAME
        </th>
        <th
          key="email"
        >
          EMAIL
        </th>
      </tr>
    </thead>
    <tbody>
      <tr
        key="123"
      >
        <td
          key="name"
        >
          Dong Nong
        </td>
        <td
          key="email"
        >
          dongnong@nowhere.com
        </td>
      </tr>
      <tr
        key="321"
      >
        <td
          key="name"
        >
          Juck Gruck
        </td>
        <td
          key="email"
        >
          juckgruck@nowhere.com
        </td>
      </tr>
    </tbody>
  </table>
</div>
`;

exports[`DataGrid tests render should render loading 1`] = `
<div
  className="panel datagrid"
>
  <Loading
    content="Loading..."
    kind="primary"
    size="medium"
  />
</div>
`;
