// Jest Snapshot v1, https://goo.gl/fbAQLP

exports[`Register tests render should render correctly 1`] = `
<div
  className="register-container"
>
  <Connect(GoHome)
    buttonOrLink="button"
    className="button small tertiary"
    kind="tertiary"
    size="small"
    to="/"
  >
    <i
      className="material-icons"
    >
      keyboard_backspace
    </i>
     Back to home
  </Connect(GoHome)>
  <Form
    buttonLabel="Register"
    fields={
      Array [
        Object {
          "error": undefined,
          "id": "name",
          "label": "Name",
          "onChange": [Function],
          "placeholder": "First Last...",
          "type": "text",
          "value": "Sam",
        },
        Object {
          "error": "Invalid email",
          "id": "email",
          "label": "Email",
          "onChange": [Function],
          "placeholder": "example@poodl.com...",
          "type": "email",
          "value": "sam@test.com",
        },
        Object {
          "error": undefined,
          "id": "password",
          "label": "Password",
          "onChange": [Function],
          "placeholder": "Shhhhh...",
          "type": "password",
          "value": "abc123",
        },
        Object {
          "error": undefined,
          "id": "password2",
          "label": "Confirm Password",
          "onChange": [Function],
          "placeholder": "Again...",
          "type": "password",
          "value": "abc123",
        },
      ]
    }
    formTitle="Register Admin"
    noValidate={true}
    onSubmit={[Function]}
  />
  <div
    className="center"
  >
    <p>
      Already have an account?
       
      <Link
        className="button small secondary"
        replace={false}
        to="/login"
      >
        Log in
      </Link>
    </p>
  </div>
</div>
`;
