// Jest Snapshot v1, https://goo.gl/fbAQLP

exports[`VolunteerProfile tests render should render correctly 1`] = `
<div
  className="view-all-container"
>
  <Link
    className="button small tertiary"
    replace={false}
    to="/volunteers"
  >
    <i
      className="material-icons"
    >
      keyboard_backspace
    </i>
     Back to all volunteers
  </Link>
  <div>
    <h1>
      Big
       
      Tup
    </h1>
    <DynamicForm
      editValues={[Function]}
      editable={true}
      errors={Object {}}
      getValues={[Function]}
      inputs={
        Array [
          Object {
            "id": "Personal Info",
            "inputs": Array [
              Object {
                "id": "name",
                "inputs": Array [
                  Object {
                    "id": "firstName",
                    "kind": "field",
                    "label": "First name",
                    "style": Object {
                      "flexGrow": "5",
                    },
                    "type": "text",
                  },
                  Object {
                    "id": "middleInitial",
                    "kind": "field",
                    "label": "M.I.",
                    "style": Object {},
                  },
                  Object {
                    "id": "lastName",
                    "kind": "field",
                    "label": "Last name",
                    "style": Object {},
                    "type": "text",
                  },
                  Object {
                    "id": "nickName",
                    "kind": "field",
                    "label": "Nickname or Preferred Name",
                    "style": Object {},
                  },
                ],
                "kind": "flex",
              },
              Object {
                "id": "email",
                "kind": "field",
                "label": "Email",
                "type": "email",
              },
              Object {
                "editable": false,
                "id": "password",
                "kind": "field",
                "label": "Password",
                "type": "password",
              },
              Object {
                "editable": false,
                "id": "password2",
                "kind": "field",
                "label": "Confirm Password",
                "type": "password",
              },
              Object {
                "id": "address",
                "inputs": Array [
                  Object {
                    "id": "streetAddress",
                    "kind": "field",
                    "label": "Street Address",
                  },
                  Object {
                    "id": "city",
                    "kind": "field",
                    "label": "City",
                  },
                  Object {
                    "id": "state",
                    "kind": "field",
                    "label": "State",
                  },
                  Object {
                    "id": "zip",
                    "kind": "field",
                    "label": "ZIP",
                  },
                ],
                "kind": "flex",
              },
              Object {
                "id": "phones",
                "inputs": Array [
                  Object {
                    "id": "homePhone",
                    "kind": "field",
                    "label": "Home Phone",
                  },
                  Object {
                    "id": "cellPhone",
                    "kind": "field",
                    "label": "Cell or Message Phone",
                  },
                ],
                "kind": "flex",
              },
              Object {
                "id": "references",
                "kind": "field",
                "label": "References",
              },
            ],
            "kind": "group",
          },
          Object {
            "id": "Volunteer Info",
            "inputs": Array [
              Object {
                "id": "learnAboutVolunteerProgram",
                "kind": "radio",
                "label": "How did you learn about Belgrade Senior Center's volunteer program",
                "options": Array [
                  "Friend or Relative",
                  "Brochure/Poster",
                  "Newspaper, Television or Radio",
                  "School or College",
                  "Belgrade Senior Center",
                  "United Way",
                  "Community Event",
                  "Other",
                ],
              },
              Object {
                "id": "volunteerFrequency",
                "kind": "field",
                "label": "How often would you like to volunteer?",
              },
              Object {
                "id": "occasionalOneDayProjects",
                "kind": "selectBoolean",
                "label": "I would like to be contacted for occasional one-day projects that fit my skills and interests",
              },
              Object {
                "id": "singleDayActivity",
                "kind": "selectBoolean",
                "label": "I would like to volunteer for a single day activity.",
              },
              Object {
                "id": "availabilitySchedule",
                "kind": "field",
                "label": "What is your availability schedule?",
              },
            ],
            "kind": "group",
          },
          Object {
            "id": "skills",
            "inputs": Array [
              Object {
                "id": "houseMaintenanceAndRepairs",
                "kind": "multiCheckbox",
                "label": "Housing Maintenance and Repairs (weekday and weekend days)",
                "options": Array [
                  "Carpentry",
                  "Plumbing",
                  "Masonry",
                  "Cleaning",
                  "Electrical",
                  "Painting",
                ],
              },
              Object {
                "id": "groundMaintenance",
                "kind": "multiCheckbox",
                "label": "Grounds Maintenance (any time)",
                "options": Array [
                  "Lawn Maintenance",
                  "Grounds Cleanup",
                  "Pruning Trees and Shrubs",
                  "Planting and Maintaining Flower Beds",
                  "Snow Removal",
                ],
              },
              Object {
                "id": "clericalAssistance",
                "kind": "multiCheckbox",
                "label": "Clerical Assistance (week days)",
                "options": Array [
                  "Data Entry",
                  "Folding Brochures",
                  "General Office",
                  "Preparing Bulk Mailings",
                  "Front Desk",
                ],
              },
              Object {
                "id": "nutritionProgram",
                "kind": "multiCheckbox",
                "label": "Nutrition Program",
                "options": Array [
                  "Food Prep",
                  "Dishes",
                  "Deliver Meals on Wheels",
                  "Dining Room Setup",
                ],
              },
              Object {
                "id": "specialEventsAndFundRaising",
                "kind": "multiCheckbox",
                "label": "Special Events and Fundraising",
                "options": Array [
                  "Create Flyers, Brochures, and/or Posters",
                  "Assist with Events",
                  "Solicit Auction Items, Donations, Prizes, In-Kind Services",
                ],
              },
              Object {
                "id": "interpretingTeachingClassesOrWorkshops",
                "kind": "multiCheckbox",
                "label": "Interpreting, Teaching Classes or Workshops",
                "options": Array [
                  "Life Skill Classes",
                  "Painting, Crafts",
                  "Computer",
                  "Exercise",
                ],
              },
              Object {
                "id": "proposedActivities",
                "kind": "field",
                "label": "Please specify or propose any other volunteer opportunity",
              },
            ],
            "kind": "group",
            "label": "Skills and Interests (please check all that apply)",
          },
        ]
      }
      values={
        Object {
          "_id": "123",
          "email": "bigtup@nowhere.com",
          "firstName": "Big",
          "lastName": "Tup",
        }
      }
    />
  </div>
</div>
`;
