// Jest Snapshot v1, https://goo.gl/fbAQLP

exports[`Dashbaord tests render should render correctly 1`] = `
ShallowWrapper {
  Symbol(enzyme.__root__): [Circular],
  Symbol(enzyme.__unrendered__): <Dashboard
    auth={
      Object {
        "admin": Object {
          "id": "5c52379d9be6fc0017afd46e",
          "name": "Sandwich Man",
        },
        "isAuthenticated": true,
        "loading": false,
      }
    }
    logoutAdmin={[Function]}
  />,
  Symbol(enzyme.__renderer__): Object {
    "batchedUpdates": [Function],
    "checkPropTypes": [Function],
    "getNode": [Function],
    "render": [Function],
    "simulateError": [Function],
    "simulateEvent": [Function],
    "unmount": [Function],
  },
  Symbol(enzyme.__node__): Object {
    "instance": null,
    "key": undefined,
    "nodeType": "host",
    "props": Object {
      "children": Array [
        <h2>
          Hey there, 
        </h2>,
        <h1>
          Sandwich
          .
        </h1>,
        <p>
          You are now logged in
        </p>,
        <Button
          content="Log out"
          kind="primary"
          onClick={[Function]}
          size="medium"
        />,
      ],
      "className": "dashboard-container",
    },
    "ref": null,
    "rendered": Array [
      Object {
        "instance": null,
        "key": undefined,
        "nodeType": "host",
        "props": Object {
          "children": "Hey there, ",
        },
        "ref": null,
        "rendered": "Hey there, ",
        "type": "h2",
      },
      Object {
        "instance": null,
        "key": undefined,
        "nodeType": "host",
        "props": Object {
          "children": Array [
            "Sandwich",
            ".",
          ],
        },
        "ref": null,
        "rendered": Array [
          "Sandwich",
          ".",
        ],
        "type": "h1",
      },
      Object {
        "instance": null,
        "key": undefined,
        "nodeType": "host",
        "props": Object {
          "children": "You are now logged in",
        },
        "ref": null,
        "rendered": "You are now logged in",
        "type": "p",
      },
      Object {
        "instance": null,
        "key": undefined,
        "nodeType": "class",
        "props": Object {
          "content": "Log out",
          "kind": "primary",
          "onClick": [Function],
          "size": "medium",
        },
        "ref": null,
        "rendered": null,
        "type": [Function],
      },
    ],
    "type": "div",
  },
  Symbol(enzyme.__nodes__): Array [
    Object {
      "instance": null,
      "key": undefined,
      "nodeType": "host",
      "props": Object {
        "children": Array [
          <h2>
            Hey there, 
          </h2>,
          <h1>
            Sandwich
            .
          </h1>,
          <p>
            You are now logged in
          </p>,
          <Button
            content="Log out"
            kind="primary"
            onClick={[Function]}
            size="medium"
          />,
        ],
        "className": "dashboard-container",
      },
      "ref": null,
      "rendered": Array [
        Object {
          "instance": null,
          "key": undefined,
          "nodeType": "host",
          "props": Object {
            "children": "Hey there, ",
          },
          "ref": null,
          "rendered": "Hey there, ",
          "type": "h2",
        },
        Object {
          "instance": null,
          "key": undefined,
          "nodeType": "host",
          "props": Object {
            "children": Array [
              "Sandwich",
              ".",
            ],
          },
          "ref": null,
          "rendered": Array [
            "Sandwich",
            ".",
          ],
          "type": "h1",
        },
        Object {
          "instance": null,
          "key": undefined,
          "nodeType": "host",
          "props": Object {
            "children": "You are now logged in",
          },
          "ref": null,
          "rendered": "You are now logged in",
          "type": "p",
        },
        Object {
          "instance": null,
          "key": undefined,
          "nodeType": "class",
          "props": Object {
            "content": "Log out",
            "kind": "primary",
            "onClick": [Function],
            "size": "medium",
          },
          "ref": null,
          "rendered": null,
          "type": [Function],
        },
      ],
      "type": "div",
    },
  ],
  Symbol(enzyme.__options__): Object {
    "adapter": ReactSixteenAdapter {
      "options": Object {
        "enableComponentDidUpdateOnSetState": true,
        "legacyContextMode": "parent",
        "lifecycles": Object {
          "componentDidUpdate": Object {
            "onSetState": true,
          },
          "getChildContext": Object {
            "calledByRenderer": false,
          },
          "getDerivedStateFromProps": true,
          "getSnapshotBeforeUpdate": true,
          "setState": Object {
            "skipsComponentDidUpdateOnNullish": true,
          },
        },
      },
    },
  },
}
`;
