// Jest Snapshot v1, https://goo.gl/fbAQLP

exports[`Dashboard tests render should render correctly 1`] = `
<div
  className="dashboard-container"
>
  <h2>
    Hey there, 
  </h2>
  <h1>
    undefined undefined
    .
  </h1>
  <div
    className="panel dashboard-panel"
  >
    <h1
      className="panel-title"
    >
      Manage
    </h1>
    <Link
      className="button primary medium"
      replace={false}
      to="/admins"
    >
      Admins
    </Link>
    <span>
       
    </span>
    <Link
      className="button primary medium"
      replace={false}
      to="/volunteers"
    >
      Volunteers
    </Link>
    <span>
       
    </span>
    <Link
      className="button primary medium"
      replace={false}
      to="/members"
    >
      Members
    </Link>
    <span>
       
    </span>
    <Link
      className="button primary medium"
      replace={false}
      to="/activities"
    >
      Activities
    </Link>
  </div>
  <h2>
    Activities
  </h2>
  <withRouter(ViewByDate)
    clickableRowRoute="activity/"
    dateData={
      Object {
        "data": Array [],
        "date": "2019-03-20T07:00:00.000Z",
      }
    }
    errors={Object {}}
    loading={false}
    requestDate={[Function]}
  />
</div>
`;
