// Jest Snapshot v1, https://goo.gl/fbAQLP

exports[`Dashboard tests render should render correctly 1`] = `
<div
  className="dashboard-container"
>
  <h2>
    Hey there, 
  </h2>
  <h1>
    undefined undefined
    .
  </h1>
  <div
    className="panel dashboard-panel"
  >
    <h1
      className="panel-title"
    >
      View All
    </h1>
    <Link
      className="link primary"
      replace={false}
      to="/admins"
    >
      Admins
    </Link>
    <Link
      className="link primary"
      replace={false}
      to="/volunteers"
    >
      Volunteers
    </Link>
    <Link
      className="link primary"
      replace={false}
      to="/members"
    >
      Members
    </Link>
  </div>
  <div
    className="panel dashboard-panel"
  >
    <h1
      className="panel-title"
    >
      Register New
    </h1>
    <Link
      className="link primary"
      replace={false}
      to="/register"
    >
      Admin
    </Link>
    <Link
      className="link primary"
      replace={false}
      to="/activities/add"
    >
      Activity
    </Link>
  </div>
</div>
`;
